[www.lehibakery.com/index.html]
[backblue.gif]
[fade.gif]
[index.html]
[www.lehibakery.com/cart.html]
[www.lehibakery.com/home-1.html]
[www.lehibakery.com/custom-work.html]
[www.lehibakery.com/contact.html]
[www.lehibakery.com/applynow.html]
[www.lehibakery.com/donuts.html]
[www.lehibakery.com/cinnamon-rolls-danishes.html]
[www.lehibakery.com/brownies-cookies.html]
[www.lehibakery.com/cakes.html]
[www.lehibakery.com/bread-rolls.html]
[www.lehibakery.com/index.html]
[www.lehibakery.com/cart.html]
[www.lehibakery.com/home-1.html]
[www.lehibakery.com/cupcakes.html]
[www.lehibakery.com/custom-work0873.html]
[www.lehibakery.com/custom-workf2fe.html]
[www.lehibakery.com/custom-workb721.html]
[www.lehibakery.com/custom-work258d.html]
[www.lehibakery.com/custom-work3235.html]
[www.lehibakery.com/custom-work4d60.html]
[www.lehibakery.com/custom-work7eb6.html]
[www.lehibakery.com/custom-work0055.html]
[www.lehibakery.com/custom-work5a09.html]
[www.lehibakery.com/custom-workb2db.html]
[www.lehibakery.com/custom-work9e66.html]
[www.lehibakery.com/custom-workf238.html]
[www.lehibakery.com/custom-work41f0.html]
[www.lehibakery.com/custom-workbe4d.html]
[www.lehibakery.com/custom-work23ab.html]
[www.lehibakery.com/custom-work07a9.html]
[www.lehibakery.com/custom-work5ea1.html]
[www.lehibakery.com/custom-work.html]
[www.lehibakery.com/contact.html]
[www.lehibakery.com/applynow.html]
[www.lehibakery.com/donuts.html]
[www.lehibakery.com/cinnamon-rolls-danishes.html]
[www.lehibakery.com/brownies-cookies.html]
[www.lehibakery.com/cakes.html]
[www.lehibakery.com/bread-rolls.html]
[www.lehibakery.com/cupcakes.html]
[www.lehibakery.com/custom-work0873.html]
[www.lehibakery.com/custom-workf2fe.html]
[www.lehibakery.com/custom-workb721.html]
[www.lehibakery.com/custom-work258d.html]
[www.lehibakery.com/custom-work3235.html]
[www.lehibakery.com/custom-work4d60.html]
[www.lehibakery.com/custom-work7eb6.html]
[www.lehibakery.com/custom-work0055.html]
[www.lehibakery.com/custom-work5a09.html]
[www.lehibakery.com/custom-workb2db.html]
[www.lehibakery.com/custom-work9e66.html]
[www.lehibakery.com/custom-workf238.html]
[www.lehibakery.com/custom-work41f0.html]
[www.lehibakery.com/custom-workbe4d.html]
[www.lehibakery.com/custom-work23ab.html]
[www.lehibakery.com/custom-work07a9.html]
[www.lehibakery.com/custom-work5ea1.html]
[www.lehibakery.com/custom-workd296.html]
[www.lehibakery.com/custom-workd296.html]
